../Core/Src/main.c:99:5:main	40	static,ignoring_inline_asm
../Core/Src/main.c:180:6:SystemClock_Config	88	static
../Core/Src/main.c:227:13:MX_USART2_UART_Init	8	static
../Core/Src/main.c:260:13:MX_GPIO_Init	40	static
../Core/Src/main.c:287:13:task1_menu_display	32	static
../Core/Src/main.c:297:13:task2_cmd_handling	16	static
../Core/Src/main.c:313:13:task3_cmd_processing	24	static
../Core/Src/main.c:331:13:task4_uart_write	24	static
../Core/Src/main.c:341:6:HAL_UART_RxCpltCallback	32	static,ignoring_inline_asm
../Core/Src/main.c:359:6:toggle_led	16	static
../Core/Src/main.c:364:6:led_toggle	16	static
../Core/Src/main.c:381:6:HAL_TIM_PeriodElapsedCallback	16	static
../Core/Src/main.c:398:6:Error_Handler	4	static
